{
    "test-msisensor-scan-stub": {
        "content": [
            {
                "0": [
                    [
                        {
                            "id": "test",
                            "single_end": false
                        },
                        "test.msisensor_scan.tab:md5,d41d8cd98f00b204e9800998ecf8427e"
                    ]
                ],
                "1": [
                    "versions.yml:md5,4f10855a9253619ca58c83978897caa5"
                ],
                "txt": [
                    [
                        {
                            "id": "test",
                            "single_end": false
                        },
                        "test.msisensor_scan.tab:md5,d41d8cd98f00b204e9800998ecf8427e"
                    ]
                ],
                "versions": [
                    "versions.yml:md5,4f10855a9253619ca58c83978897caa5"
                ]
            }
        ],
        "meta": {
            "nf-test": "0.9.0",
            "nextflow": "24.04.4"
        },
        "timestamp": "2024-09-05T16:49:54.844415"
    },
    "test-msisensor-scan": {
        "content": [
            [
                "MT192765.1\t427\t1\t0\t5\t190\t667\tA\tAGTTG\tGGCGT",
                "MT192765.1\t619\t3\t61\t3\t266\t706\tTTC\tCAAGG\tGTAAG",
                "MT192765.1\t1128\t1\t0\t5\t2\t638\tA\tAAAAG\tGCTTG",
                "MT192765.1\t1482\t2\t14\t3\t553\t989\tTG\tGAGGC\tTTCTC",
                "MT192765.1\t1621\t1\t0\t5\t117\t544\tA\tACTCC\tGAGAA"
            ],
            [
                "versions.yml:md5,4f10855a9253619ca58c83978897caa5"
            ]
        ],
        "meta": {
            "nf-test": "0.9.0",
            "nextflow": "24.04.4"
        },
        "timestamp": "2024-09-05T16:49:49.630472"
    }
}