{
    "test_krona_ktimporttaxonomy_report": {
        "content": [
            true,
            [
                "versions.yml:md5,59fc89b6db8fad0aa9aa06f7437a18a7"
            ]
        ],
        "meta": {
            "nf-test": "0.9.0",
            "nextflow": "24.10.3"
        },
        "timestamp": "2025-01-25T19:59:51.434122"
    },
    "test_krona_ktimporttaxonomy_report -- stub": {
        "content": [
            {
                "0": [
                    [
                        {
                            "id": "test",
                            "single_end": false
                        },
                        "test.html:md5,d41d8cd98f00b204e9800998ecf8427e"
                    ]
                ],
                "1": [
                    "versions.yml:md5,59fc89b6db8fad0aa9aa06f7437a18a7"
                ],
                "html": [
                    [
                        {
                            "id": "test",
                            "single_end": false
                        },
                        "test.html:md5,d41d8cd98f00b204e9800998ecf8427e"
                    ]
                ],
                "versions": [
                    "versions.yml:md5,59fc89b6db8fad0aa9aa06f7437a18a7"
                ]
            }
        ],
        "meta": {
            "nf-test": "0.9.0",
            "nextflow": "24.10.3"
        },
        "timestamp": "2025-01-25T19:54:28.461618"
    },
    "test_krona_ktimporttaxonomy_reads": {
        "content": [
            true,
            [
                "versions.yml:md5,59fc89b6db8fad0aa9aa06f7437a18a7"
            ]
        ],
        "meta": {
            "nf-test": "0.9.0",
            "nextflow": "24.10.3"
        },
        "timestamp": "2025-01-25T19:59:46.33943"
    },
    "test_krona_ktimporttaxonomy_reads -- stub": {
        "content": [
            {
                "0": [
                    [
                        {
                            "id": "test",
                            "single_end": false
                        },
                        "test.html:md5,d41d8cd98f00b204e9800998ecf8427e"
                    ]
                ],
                "1": [
                    "versions.yml:md5,59fc89b6db8fad0aa9aa06f7437a18a7"
                ],
                "html": [
                    [
                        {
                            "id": "test",
                            "single_end": false
                        },
                        "test.html:md5,d41d8cd98f00b204e9800998ecf8427e"
                    ]
                ],
                "versions": [
                    "versions.yml:md5,59fc89b6db8fad0aa9aa06f7437a18a7"
                ]
            }
        ],
        "meta": {
            "nf-test": "0.9.0",
            "nextflow": "24.10.3"
        },
        "timestamp": "2025-01-25T19:54:23.95162"
    }
}