{
    "test_somalier_ancestry": {
        "content": [
            true,
            true,
            [
                "versions.yml:md5,75c0cd29fd1bf99528a819954cff93c6"
            ]
        ],
        "meta": {
            "nf-test": "0.9.0",
            "nextflow": "24.10.3"
        },
        "timestamp": "2025-01-28T09:39:02.833629"
    },
    "test_somalier_ancestry -- stub": {
        "content": [
            {
                "0": [
                    [
                        {
                            "id": "test"
                        },
                        "somalier-ancestry.somalier-ancestry.tsv:md5,d41d8cd98f00b204e9800998ecf8427e"
                    ]
                ],
                "1": [
                    [
                        {
                            "id": "test"
                        },
                        "somalier-ancestry.somalier-ancestry.html:md5,d41d8cd98f00b204e9800998ecf8427e"
                    ]
                ],
                "2": [
                    "versions.yml:md5,75c0cd29fd1bf99528a819954cff93c6"
                ],
                "html": [
                    [
                        {
                            "id": "test"
                        },
                        "somalier-ancestry.somalier-ancestry.html:md5,d41d8cd98f00b204e9800998ecf8427e"
                    ]
                ],
                "tsv": [
                    [
                        {
                            "id": "test"
                        },
                        "somalier-ancestry.somalier-ancestry.tsv:md5,d41d8cd98f00b204e9800998ecf8427e"
                    ]
                ],
                "versions": [
                    "versions.yml:md5,75c0cd29fd1bf99528a819954cff93c6"
                ]
            }
        ],
        "meta": {
            "nf-test": "0.9.0",
            "nextflow": "24.10.3"
        },
        "timestamp": "2025-01-28T09:41:31.001304"
    }
}