{
    "sarscov2-fq-gz": {
        "content": [
            {
                "0": [
                    [
                        {
                            "id": "test",
                            "ref_id": "genome"
                        },
                        "test.on.genome.samblaster.bam:md5,8c47b2669f5250ad2d24365b42566d78"
                    ]
                ],
                "1": [
                    "versions.yml:md5,3b59736950270bca59c29afeb5289b4f",
                    "versions.yml:md5,46f2d5384c2b4c6111293bc8642cc43a",
                    "versions.yml:md5,6a2baa7f2d1d555fe604e451624f414b"
                ],
                "bam": [
                    [
                        {
                            "id": "test",
                            "ref_id": "genome"
                        },
                        "test.on.genome.samblaster.bam:md5,8c47b2669f5250ad2d24365b42566d78"
                    ]
                ],
                "versions": [
                    "versions.yml:md5,3b59736950270bca59c29afeb5289b4f",
                    "versions.yml:md5,46f2d5384c2b4c6111293bc8642cc43a",
                    "versions.yml:md5,6a2baa7f2d1d555fe604e451624f414b"
                ]
            }
        ],
        "meta": {
            "nf-test": "0.8.4",
            "nextflow": "23.10.1"
        },
        "timestamp": "2024-05-03T15:58:33.221762"
    },
    "sarscov2-fq-gz-stub": {
        "content": [
            {
                "0": [
                    [
                        {
                            "id": "test",
                            "ref_id": "genome"
                        },
                        "test.on.genome.samblaster.bam:md5,d41d8cd98f00b204e9800998ecf8427e"
                    ]
                ],
                "1": [
                    "versions.yml:md5,3b59736950270bca59c29afeb5289b4f",
                    "versions.yml:md5,46f2d5384c2b4c6111293bc8642cc43a",
                    "versions.yml:md5,6a2baa7f2d1d555fe604e451624f414b"
                ],
                "bam": [
                    [
                        {
                            "id": "test",
                            "ref_id": "genome"
                        },
                        "test.on.genome.samblaster.bam:md5,d41d8cd98f00b204e9800998ecf8427e"
                    ]
                ],
                "versions": [
                    "versions.yml:md5,3b59736950270bca59c29afeb5289b4f",
                    "versions.yml:md5,46f2d5384c2b4c6111293bc8642cc43a",
                    "versions.yml:md5,6a2baa7f2d1d555fe604e451624f414b"
                ]
            }
        ],
        "meta": {
            "nf-test": "0.8.4",
            "nextflow": "23.10.1"
        },
        "timestamp": "2024-05-03T16:03:28.825915"
    }
}