{
    "test-crisprcleanr-normalize": {
        "content": [
            "test_norm_table.tsv",
            [
                "versions.yml:md5,e954dc2bfa394dae2e55be2b1c16ae31"
            ]
        ],
        "meta": {
            "nf-test": "0.8.4",
            "nextflow": "24.04.4"
        },
        "timestamp": "2024-08-28T14:25:00.741578"
    },
    "test-crisprcleanr-normalize-stub": {
        "content": [
            {
                "0": [
                    [
                        {
                            "id": "test",
                            "single_end": false
                        },
                        "test_norm_table.tsv:md5,d41d8cd98f00b204e9800998ecf8427e"
                    ]
                ],
                "1": [
                    "versions.yml:md5,e954dc2bfa394dae2e55be2b1c16ae31"
                ],
                "norm_count_file": [
                    [
                        {
                            "id": "test",
                            "single_end": false
                        },
                        "test_norm_table.tsv:md5,d41d8cd98f00b204e9800998ecf8427e"
                    ]
                ],
                "versions": [
                    "versions.yml:md5,e954dc2bfa394dae2e55be2b1c16ae31"
                ]
            }
        ],
        "meta": {
            "nf-test": "0.8.4",
            "nextflow": "24.04.4"
        },
        "timestamp": "2024-08-28T14:34:59.649477"
    }
}