{
    "fasta_gz_versions": {
        "content": [
            [
                "versions.yml:md5,590ad2936473d14cdd073bb55282800f",
                "versions.yml:md5,a64f14341cef7ea0da788ae1ad9884f9",
                "versions.yml:md5,b79c1d8543e4c8894d40f2a436a7691b",
                "versions.yml:md5,db14f0fa581ceb841204c5b943da2a9a",
                "versions.yml:md5,fd61fdba3c242eb6cceeca17db9574a1"
            ]
        ],
        "meta": {
            "nf-test": "0.8.4",
            "nextflow": "24.04.2"
        },
        "timestamp": "2024-06-05T14:12:52.860407"
    },
    "with_empty_mono_versions": {
        "content": [
            [
                "versions.yml:md5,590ad2936473d14cdd073bb55282800f",
                "versions.yml:md5,a64f14341cef7ea0da788ae1ad9884f9",
                "versions.yml:md5,b79c1d8543e4c8894d40f2a436a7691b",
                "versions.yml:md5,db14f0fa581ceb841204c5b943da2a9a",
                "versions.yml:md5,fd61fdba3c242eb6cceeca17db9574a1"
            ]
        ],
        "meta": {
            "nf-test": "0.8.4",
            "nextflow": "24.04.2"
        },
        "timestamp": "2024-06-05T14:17:29.427823"
    },
    "with_mono_versions": {
        "content": [
            [
                "versions.yml:md5,590ad2936473d14cdd073bb55282800f",
                "versions.yml:md5,a64f14341cef7ea0da788ae1ad9884f9",
                "versions.yml:md5,b79c1d8543e4c8894d40f2a436a7691b",
                "versions.yml:md5,db14f0fa581ceb841204c5b943da2a9a",
                "versions.yml:md5,fd61fdba3c242eb6cceeca17db9574a1"
            ]
        ],
        "meta": {
            "nf-test": "0.8.4",
            "nextflow": "24.04.2"
        },
        "timestamp": "2024-06-05T14:15:11.032768"
    },
    "empty_fasta_stub": {
        "content": [
            {
                "0": [
                    [
                        {
                            "id": "test"
                        },
                        "test.LTRlib.fa:md5,d41d8cd98f00b204e9800998ecf8427e"
                    ]
                ],
                "1": [
                    [
                        {
                            "id": "test"
                        },
                        "test.out.gff3:md5,d41d8cd98f00b204e9800998ecf8427e"
                    ]
                ],
                "2": [
                    [
                        {
                            "id": "test"
                        },
                        "test.LAI.log:md5,d41d8cd98f00b204e9800998ecf8427e"
                    ]
                ],
                "3": [
                    [
                        {
                            "id": "test"
                        },
                        "test.LAI.out:md5,d41d8cd98f00b204e9800998ecf8427e"
                    ]
                ],
                "4": [
                    "versions.yml:md5,590ad2936473d14cdd073bb55282800f",
                    "versions.yml:md5,a64f14341cef7ea0da788ae1ad9884f9",
                    "versions.yml:md5,b79c1d8543e4c8894d40f2a436a7691b",
                    "versions.yml:md5,db14f0fa581ceb841204c5b943da2a9a",
                    "versions.yml:md5,fd61fdba3c242eb6cceeca17db9574a1"
                ],
                "annotation_gff": [
                    [
                        {
                            "id": "test"
                        },
                        "test.out.gff3:md5,d41d8cd98f00b204e9800998ecf8427e"
                    ]
                ],
                "lai_log": [
                    [
                        {
                            "id": "test"
                        },
                        "test.LAI.log:md5,d41d8cd98f00b204e9800998ecf8427e"
                    ]
                ],
                "lai_out": [
                    [
                        {
                            "id": "test"
                        },
                        "test.LAI.out:md5,d41d8cd98f00b204e9800998ecf8427e"
                    ]
                ],
                "ltrlib": [
                    [
                        {
                            "id": "test"
                        },
                        "test.LTRlib.fa:md5,d41d8cd98f00b204e9800998ecf8427e"
                    ]
                ],
                "versions": [
                    "versions.yml:md5,590ad2936473d14cdd073bb55282800f",
                    "versions.yml:md5,a64f14341cef7ea0da788ae1ad9884f9",
                    "versions.yml:md5,b79c1d8543e4c8894d40f2a436a7691b",
                    "versions.yml:md5,db14f0fa581ceb841204c5b943da2a9a",
                    "versions.yml:md5,fd61fdba3c242eb6cceeca17db9574a1"
                ]
            }
        ],
        "meta": {
            "nf-test": "0.8.4",
            "nextflow": "24.04.2"
        },
        "timestamp": "2024-06-05T14:17:41.2412"
    }
}