{
    "test-entrezdirect-esummary-sra": {
        "content": [
            {
                "0": [
                    [
                        {
                            "id": "test_sra"
                        },
                        "test_sra.xml:md5,ce03bc44f9cda59f079c08233de3819e"
                    ]
                ],
                "1": [
                    "versions.yml:md5,def7a5887a9b4595deafe394887ca56d"
                ],
                "versions": [
                    "versions.yml:md5,def7a5887a9b4595deafe394887ca56d"
                ],
                "xml": [
                    [
                        {
                            "id": "test_sra"
                        },
                        "test_sra.xml:md5,ce03bc44f9cda59f079c08233de3819e"
                    ]
                ]
            }
        ],
        "meta": {
            "nf-test": "0.8.4",
            "nextflow": "24.04.4"
        },
        "timestamp": "2024-08-29T21:27:10.320109"
    },
    "test-entrezdirect-esummary-assembly": {
        "content": [
            {
                "0": [
                    [
                        {
                            "id": "test_assembly"
                        },
                        "test_assembly.xml:md5,a2f19c0d07837ddce5b258e9d1abfd4b"
                    ]
                ],
                "1": [
                    "versions.yml:md5,def7a5887a9b4595deafe394887ca56d"
                ],
                "versions": [
                    "versions.yml:md5,def7a5887a9b4595deafe394887ca56d"
                ],
                "xml": [
                    [
                        {
                            "id": "test_assembly"
                        },
                        "test_assembly.xml:md5,a2f19c0d07837ddce5b258e9d1abfd4b"
                    ]
                ]
            }
        ],
        "meta": {
            "nf-test": "0.8.4",
            "nextflow": "24.04.4"
        },
        "timestamp": "2024-08-29T21:27:22.562868"
    },
    "test-entrezdirect-esummary-assembly-stub": {
        "content": [
            {
                "0": [
                    [
                        {
                            "id": "test_assembly"
                        },
                        "test_assembly.xml:md5,d41d8cd98f00b204e9800998ecf8427e"
                    ]
                ],
                "1": [
                    "versions.yml:md5,def7a5887a9b4595deafe394887ca56d"
                ],
                "versions": [
                    "versions.yml:md5,def7a5887a9b4595deafe394887ca56d"
                ],
                "xml": [
                    [
                        {
                            "id": "test_assembly"
                        },
                        "test_assembly.xml:md5,d41d8cd98f00b204e9800998ecf8427e"
                    ]
                ]
            }
        ],
        "meta": {
            "nf-test": "0.8.4",
            "nextflow": "24.04.4"
        },
        "timestamp": "2024-08-29T21:27:26.876243"
    },
    "test-entrezdirect-esummary-genome": {
        "content": [
            {
                "0": [
                    [
                        {
                            "id": "test_genome"
                        },
                        "test_genome.xml:md5,5c70419774db69c75dd970de0bec101e"
                    ]
                ],
                "1": [
                    "versions.yml:md5,def7a5887a9b4595deafe394887ca56d"
                ],
                "versions": [
                    "versions.yml:md5,def7a5887a9b4595deafe394887ca56d"
                ],
                "xml": [
                    [
                        {
                            "id": "test_genome"
                        },
                        "test_genome.xml:md5,5c70419774db69c75dd970de0bec101e"
                    ]
                ]
            }
        ],
        "meta": {
            "nf-test": "0.8.4",
            "nextflow": "24.04.4"
        },
        "timestamp": "2024-08-29T21:27:16.355968"
    }
}