{
    "test-cnvpytor-partition-stub": {
        "content": [
            {
                "0": [
                    [
                        {
                            "id": "test"
                        },
                        "test.pytor:md5,aa03a8fa15b39f77816705a48e10312a"
                    ]
                ],
                "1": [
                    "versions.yml:md5,fbe0931ab8560ef17d80c37c10e9d466"
                ],
                "pytor": [
                    [
                        {
                            "id": "test"
                        },
                        "test.pytor:md5,aa03a8fa15b39f77816705a48e10312a"
                    ]
                ],
                "versions": [
                    "versions.yml:md5,fbe0931ab8560ef17d80c37c10e9d466"
                ]
            }
        ],
        "meta": {
            "nf-test": "0.9.0",
            "nextflow": "24.04.4"
        },
        "timestamp": "2024-09-02T11:10:57.073678"
    },
    "test-cnvpytor-partition": {
        "content": [
            {
                "0": [
                    [
                        {
                            "id": "test"
                        },
                        "test.pytor:md5,aa03a8fa15b39f77816705a48e10312a"
                    ]
                ],
                "1": [
                    "versions.yml:md5,fbe0931ab8560ef17d80c37c10e9d466"
                ],
                "pytor": [
                    [
                        {
                            "id": "test"
                        },
                        "test.pytor:md5,aa03a8fa15b39f77816705a48e10312a"
                    ]
                ],
                "versions": [
                    "versions.yml:md5,fbe0931ab8560ef17d80c37c10e9d466"
                ]
            }
        ],
        "meta": {
            "nf-test": "0.9.0",
            "nextflow": "24.04.4"
        },
        "timestamp": "2024-09-02T11:09:54.629869"
    }
}