{
    "test-untarfiles-onlyfiles-stub": {
        "content": [
            {
                "0": [
                    [
                        {
                            "id": "test"
                        },
                        "file.txt:md5,d41d8cd98f00b204e9800998ecf8427e"
                    ]
                ],
                "1": [
                    "versions.yml:md5,9027b256bc1fa1eee1e00805bec9a223"
                ],
                "files": [
                    [
                        {
                            "id": "test"
                        },
                        "file.txt:md5,d41d8cd98f00b204e9800998ecf8427e"
                    ]
                ],
                "versions": [
                    "versions.yml:md5,9027b256bc1fa1eee1e00805bec9a223"
                ]
            }
        ],
        "meta": {
            "nf-test": "0.8.4",
            "nextflow": "24.04.4"
        },
        "timestamp": "2024-08-28T15:53:24.857391"
    },
    "test-untarfiles": {
        "content": [
            {
                "0": [
                    [
                        {
                            "id": "test"
                        },
                        [
                            "hash.k2d:md5,8b8598468f54a7087c203ad0190555d9",
                            "opts.k2d:md5,a033d00cf6759407010b21700938f543",
                            "taxo.k2d:md5,094d5891cdccf2f1468088855c214b2c"
                        ]
                    ]
                ],
                "1": [
                    "versions.yml:md5,9027b256bc1fa1eee1e00805bec9a223"
                ],
                "files": [
                    [
                        {
                            "id": "test"
                        },
                        [
                            "hash.k2d:md5,8b8598468f54a7087c203ad0190555d9",
                            "opts.k2d:md5,a033d00cf6759407010b21700938f543",
                            "taxo.k2d:md5,094d5891cdccf2f1468088855c214b2c"
                        ]
                    ]
                ],
                "versions": [
                    "versions.yml:md5,9027b256bc1fa1eee1e00805bec9a223"
                ]
            }
        ],
        "meta": {
            "nf-test": "0.8.4",
            "nextflow": "24.04.4"
        },
        "timestamp": "2024-08-28T15:52:57.207155"
    },
    "test-untarfiles-different-output-path": {
        "content": [
            [
                "ControlMetricsOut.bin",
                "CorrectedIntMetricsOut.bin",
                "ErrorMetricsOut.bin",
                "ExtractionMetricsOut.bin",
                "IndexMetricsOut.bin",
                "QMetricsOut.bin",
                "RTAConfiguration.xml",
                "RunInfo.xml",
                "TileMetricsOut.bin",
                "config.xml",
                "s_1_1101.bcl",
                "s_1_1101.bcl",
                "s_1_1101.bcl",
                "s_1_1101.bcl",
                "s_1_1101.bcl",
                "s_1_1101.bcl",
                "s_1_1101.bcl",
                "s_1_1101.bcl",
                "s_1_1101.bcl",
                "s_1_1101.bcl",
                "s_1_1101.bcl",
                "s_1_1101.bcl",
                "s_1_1101.bcl",
                "s_1_1101.bcl",
                "s_1_1101.bcl",
                "s_1_1101.bcl",
                "s_1_1101.bcl",
                "s_1_1101.bcl",
                "s_1_1101.bcl",
                "s_1_1101.bcl",
                "s_1_1101.bcl",
                "s_1_1101.bcl",
                "s_1_1101.bcl",
                "s_1_1101.bcl",
                "s_1_1101.bcl",
                "s_1_1101.bcl",
                "s_1_1101.bcl",
                "s_1_1101.bcl",
                "s_1_1101.bcl",
                "s_1_1101.bcl",
                "s_1_1101.bcl",
                "s_1_1101.bcl",
                "s_1_1101.bcl",
                "s_1_1101.bcl",
                "s_1_1101.bcl",
                "s_1_1101.bcl",
                "s_1_1101.bcl",
                "s_1_1101.bcl",
                "s_1_1101.bcl",
                "s_1_1101.bcl",
                "s_1_1101.bcl",
                "s_1_1101.bcl",
                "s_1_1101.bcl",
                "s_1_1101.bcl",
                "s_1_1101.bcl",
                "s_1_1101.bcl",
                "s_1_1101.bcl",
                "s_1_1101.bcl",
                "s_1_1101.bcl",
                "s_1_1101.bcl",
                "s_1_1101.bcl",
                "s_1_1101.bcl",
                "s_1_1101.bcl",
                "s_1_1101.bcl",
                "s_1_1101.bcl",
                "s_1_1101.bcl",
                "s_1_1101.bcl",
                "s_1_1101.bcl",
                "s_1_1101.bcl",
                "s_1_1101.bcl",
                "s_1_1101.bcl",
                "s_1_1101.bcl",
                "s_1_1101.bcl",
                "s_1_1101.bcl",
                "s_1_1101.bcl",
                "s_1_1101.bcl",
                "s_1_1101.bcl",
                "s_1_1101.bcl",
                "s_1_1101.bcl",
                "s_1_1101.bcl",
                "s_1_1101.bcl",
                "s_1_1101.bcl",
                "s_1_1101.bcl",
                "s_1_1101.bcl",
                "s_1_1101.bcl",
                "s_1_1101.bcl",
                "s_1_1101.bcl",
                "s_1_1101.bcl",
                "s_1_1101.bcl",
                "s_1_1101.bcl",
                "s_1_1101.bcl",
                "s_1_1101.bcl",
                "s_1_1101.bcl",
                "s_1_1101.bcl",
                "s_1_1101.bcl",
                "s_1_1101.bcl",
                "s_1_1101.bcl",
                "s_1_1101.bcl",
                "s_1_1101.bcl",
                "s_1_1101.bcl",
                "s_1_1101.bcl",
                "s_1_1101.bcl",
                "s_1_1101.bcl",
                "s_1_1101.bcl",
                "s_1_1101.bcl",
                "s_1_1101.bcl",
                "s_1_1101.bcl",
                "s_1_1101.bcl",
                "s_1_1101.bcl",
                "s_1_1101.bcl",
                "s_1_1101.bcl",
                "s_1_1101.bcl",
                "s_1_1101.bcl",
                "s_1_1101.bcl",
                "s_1_1101.bcl",
                "s_1_1101.bcl",
                "s_1_1101.bcl",
                "s_1_1101.bcl",
                "s_1_1101.bcl",
                "s_1_1101.bcl",
                "s_1_1101.control",
                "s_1_1101.filter",
                "s_1_1101.locs",
                "s_1_1101.stats",
                "s_1_1101.stats",
                "s_1_1101.stats",
                "s_1_1101.stats",
                "s_1_1101.stats",
                "s_1_1101.stats",
                "s_1_1101.stats",
                "s_1_1101.stats",
                "s_1_1101.stats",
                "s_1_1101.stats",
                "s_1_1101.stats",
                "s_1_1101.stats",
                "s_1_1101.stats",
                "s_1_1101.stats",
                "s_1_1101.stats",
                "s_1_1101.stats",
                "s_1_1101.stats",
                "s_1_1101.stats",
                "s_1_1101.stats",
                "s_1_1101.stats",
                "s_1_1101.stats",
                "s_1_1101.stats",
                "s_1_1101.stats",
                "s_1_1101.stats",
                "s_1_1101.stats",
                "s_1_1101.stats",
                "s_1_1101.stats",
                "s_1_1101.stats",
                "s_1_1101.stats",
                "s_1_1101.stats",
                "s_1_1101.stats",
                "s_1_1101.stats",
                "s_1_1101.stats",
                "s_1_1101.stats",
                "s_1_1101.stats",
                "s_1_1101.stats",
                "s_1_1101.stats",
                "s_1_1101.stats",
                "s_1_1101.stats",
                "s_1_1101.stats",
                "s_1_1101.stats",
                "s_1_1101.stats",
                "s_1_1101.stats",
                "s_1_1101.stats",
                "s_1_1101.stats",
                "s_1_1101.stats",
                "s_1_1101.stats",
                "s_1_1101.stats",
                "s_1_1101.stats",
                "s_1_1101.stats",
                "s_1_1101.stats",
                "s_1_1101.stats",
                "s_1_1101.stats",
                "s_1_1101.stats",
                "s_1_1101.stats",
                "s_1_1101.stats",
                "s_1_1101.stats",
                "s_1_1101.stats",
                "s_1_1101.stats",
                "s_1_1101.stats",
                "s_1_1101.stats",
                "s_1_1101.stats",
                "s_1_1101.stats",
                "s_1_1101.stats",
                "s_1_1101.stats",
                "s_1_1101.stats",
                "s_1_1101.stats",
                "s_1_1101.stats",
                "s_1_1101.stats",
                "s_1_1101.stats",
                "s_1_1101.stats",
                "s_1_1101.stats",
                "s_1_1101.stats",
                "s_1_1101.stats",
                "s_1_1101.stats",
                "s_1_1101.stats",
                "s_1_1101.stats",
                "s_1_1101.stats",
                "s_1_1101.stats",
                "s_1_1101.stats",
                "s_1_1101.stats",
                "s_1_1101.stats",
                "s_1_1101.stats",
                "s_1_1101.stats",
                "s_1_1101.stats",
                "s_1_1101.stats",
                "s_1_1101.stats",
                "s_1_1101.stats",
                "s_1_1101.stats",
                "s_1_1101.stats",
                "s_1_1101.stats",
                "s_1_1101.stats",
                "s_1_1101.stats",
                "s_1_1101.stats",
                "s_1_1101.stats",
                "s_1_1101.stats",
                "s_1_1101.stats",
                "s_1_1101.stats",
                "s_1_1101.stats",
                "s_1_1101.stats",
                "s_1_1101.stats",
                "s_1_1101.stats",
                "s_1_1101.stats",
                "s_1_1101.stats",
                "s_1_1101.stats",
                "s_1_1101.stats",
                "s_1_1101.stats",
                "s_1_1101.stats",
                "s_1_1101.stats",
                "s_1_1101.stats"
            ],
            [
                "versions.yml:md5,9027b256bc1fa1eee1e00805bec9a223"
            ]
        ],
        "meta": {
            "nf-test": "0.8.4",
            "nextflow": "24.04.4"
        },
        "timestamp": "2024-08-28T16:01:51.751361"
    },
    "test-untarfiles-onlyfiles": {
        "content": [
            {
                "0": [
                    [
                        {
                            "id": "test"
                        },
                        "hello.txt:md5,e59ff97941044f85df5297e1c302d260"
                    ]
                ],
                "1": [
                    "versions.yml:md5,9027b256bc1fa1eee1e00805bec9a223"
                ],
                "files": [
                    [
                        {
                            "id": "test"
                        },
                        "hello.txt:md5,e59ff97941044f85df5297e1c302d260"
                    ]
                ],
                "versions": [
                    "versions.yml:md5,9027b256bc1fa1eee1e00805bec9a223"
                ]
            }
        ],
        "meta": {
            "nf-test": "0.8.4",
            "nextflow": "24.04.4"
        },
        "timestamp": "2024-08-28T15:53:19.654349"
    }
}