{
    "test-paragraph-idxdepth-cram": {
        "content": [
            {
                "0": [
                    [
                        {
                            "id": "test",
                            "single_end": false
                        },
                        "test.json:md5,d10b8eabc087bdc9ac42d2c0a706c435"
                    ]
                ],
                "1": [
                    [
                        {
                            "id": "test",
                            "single_end": false
                        },
                        "test.tsv:md5,d87872683545b14829eb73aa6c3071c8"
                    ]
                ],
                "2": [
                    "versions.yml:md5,de41759b255ff2ab55209801f6d2f77c"
                ],
                "binned_depth": [
                    [
                        {
                            "id": "test",
                            "single_end": false
                        },
                        "test.tsv:md5,d87872683545b14829eb73aa6c3071c8"
                    ]
                ],
                "depth": [
                    [
                        {
                            "id": "test",
                            "single_end": false
                        },
                        "test.json:md5,d10b8eabc087bdc9ac42d2c0a706c435"
                    ]
                ],
                "versions": [
                    "versions.yml:md5,de41759b255ff2ab55209801f6d2f77c"
                ]
            }
        ],
        "meta": {
            "nf-test": "0.8.4",
            "nextflow": "24.04.4"
        },
        "timestamp": "2024-08-29T16:45:46.171648"
    },
    "test-paragraph-idxdepth-cram-stub": {
        "content": [
            {
                "0": [
                    [
                        {
                            "id": "test",
                            "single_end": false
                        },
                        "test.json:md5,d41d8cd98f00b204e9800998ecf8427e"
                    ]
                ],
                "1": [
                    [
                        {
                            "id": "test",
                            "single_end": false
                        },
                        "test.tsv:md5,d41d8cd98f00b204e9800998ecf8427e"
                    ]
                ],
                "2": [
                    "versions.yml:md5,de41759b255ff2ab55209801f6d2f77c"
                ],
                "binned_depth": [
                    [
                        {
                            "id": "test",
                            "single_end": false
                        },
                        "test.tsv:md5,d41d8cd98f00b204e9800998ecf8427e"
                    ]
                ],
                "depth": [
                    [
                        {
                            "id": "test",
                            "single_end": false
                        },
                        "test.json:md5,d41d8cd98f00b204e9800998ecf8427e"
                    ]
                ],
                "versions": [
                    "versions.yml:md5,de41759b255ff2ab55209801f6d2f77c"
                ]
            }
        ],
        "meta": {
            "nf-test": "0.8.4",
            "nextflow": "24.04.4"
        },
        "timestamp": "2024-08-29T16:45:52.120825"
    },
    "test-paragraph-idxdepth-bam": {
        "content": [
            {
                "0": [
                    [
                        {
                            "id": "test",
                            "single_end": false
                        },
                        "test.json:md5,1549367fa32522428f697c6ebb75f98e"
                    ]
                ],
                "1": [
                    
                ],
                "2": [
                    "versions.yml:md5,de41759b255ff2ab55209801f6d2f77c"
                ],
                "binned_depth": [
                    
                ],
                "depth": [
                    [
                        {
                            "id": "test",
                            "single_end": false
                        },
                        "test.json:md5,1549367fa32522428f697c6ebb75f98e"
                    ]
                ],
                "versions": [
                    "versions.yml:md5,de41759b255ff2ab55209801f6d2f77c"
                ]
            }
        ],
        "meta": {
            "nf-test": "0.8.4",
            "nextflow": "24.04.4"
        },
        "timestamp": "2024-08-29T16:45:39.193224"
    }
}